// Jest Snapshot v1, https://goo.gl/fbAQLP

exports[`Contacts renders correctly 1`] = `
<div
  className="contacts"
>
  <ul
    className="contacts__list"
  >
    <li
      className="contacts__list-item"
    >
      <a
        className="contacts__list-item-link"
        href="https://facebook.com/#"
        rel="noopener noreferrer"
        target="_blank"
      >
        <svg
          className="icon"
          viewBox="0 0 22 28"
        >
          <path
            d="M22.675 0h-21.35c-.732 0-1.325.593-1.325 1.325v21.351c0 .731.593 1.324 1.325 1.324h11.495v-9.294h-3.128v-3.622h3.128v-2.671c0-3.1 1.893-4.788 4.659-4.788 1.325 0 2.463.099 2.795.143v3.24l-1.918.001c-1.504 0-1.795.715-1.795 1.763v2.313h3.587l-.467 3.622h-3.12v9.293h6.116c.73 0 1.323-.593 1.323-1.325v-21.35c0-.732-.593-1.325-1.325-1.325z"
          />
        </svg>
      </a>
    </li>
    <li
      className="contacts__list-item"
    >
      <a
        className="contacts__list-item-link"
        href="https://linkedin.com/#"
        rel="noopener noreferrer"
        target="_blank"
      >
        <svg
          className="icon"
          viewBox="0 0 22 28"
        >
          <path
            d="M19 0h-14c-2.761 0-5 2.239-5 5v14c0 2.761 2.239 5 5 5h14c2.762 0 5-2.239 5-5v-14c0-2.761-2.238-5-5-5zm-11 19h-3v-11h3v11zm-1.5-12.268c-.966 0-1.75-.79-1.75-1.764s.784-1.764 1.75-1.764 1.75.79 1.75 1.764-.783 1.764-1.75 1.764zm13.5 12.268h-3v-5.604c0-3.368-4-3.113-4 0v5.604h-3v-11h3v1.765c1.396-2.586 7-2.777 7 2.476v6.759z"
          />
        </svg>
      </a>
    </li>
    <li
      className="contacts__list-item"
    >
      <a
        className="contacts__list-item-link"
        href="https://github.com/#"
        rel="noopener noreferrer"
        target="_blank"
      >
        <svg
          className="icon"
          viewBox="0 0 26 28"
        >
          <path
            d="M10 19c0 1.141-0.594 3-2 3s-2-1.859-2-3 0.594-3 2-3 2 1.859 2 3zM20 19c0 1.141-0.594 3-2 3s-2-1.859-2-3 0.594-3 2-3 2 1.859 2 3zM22.5 19c0-2.391-1.453-4.5-4-4.5-1.031 0-2.016 0.187-3.047 0.328-0.812 0.125-1.625 0.172-2.453 0.172s-1.641-0.047-2.453-0.172c-1.016-0.141-2.016-0.328-3.047-0.328-2.547 0-4 2.109-4 4.5 0 4.781 4.375 5.516 8.188 5.516h2.625c3.813 0 8.188-0.734 8.188-5.516zM26 16.25c0 1.734-0.172 3.578-0.953 5.172-2.063 4.172-7.734 4.578-11.797 4.578-4.125 0-10.141-0.359-12.281-4.578-0.797-1.578-0.969-3.437-0.969-5.172 0-2.281 0.625-4.438 2.125-6.188-0.281-0.859-0.422-1.766-0.422-2.656 0-1.172 0.266-2.344 0.797-3.406 2.469 0 4.047 1.078 5.922 2.547 1.578-0.375 3.203-0.547 4.828-0.547 1.469 0 2.953 0.156 4.375 0.5 1.859-1.453 3.437-2.5 5.875-2.5 0.531 1.062 0.797 2.234 0.797 3.406 0 0.891-0.141 1.781-0.422 2.625 1.5 1.766 2.125 3.938 2.125 6.219z"
          />
        </svg>
      </a>
    </li>
  </ul>
</div>
`;
